###############################################################################
#
# IAR ELF Linker V8.50.9.278/W32 for ARM                  14/May/2021  19:40:42
# Copyright 2007-2020 IAR Systems AB.
#
#    Output file  =
#        C:\Users\bymar\Desktop\UTFPR\Sistemas
#        Embarcados\Projetos\EK-TM4C1294_RTOS_IAR8\Projects\UART_inst\ewarm\Exe\UART_inst.out
#    Map file     =
#        C:\Users\bymar\Desktop\UTFPR\Sistemas
#        Embarcados\Projetos\EK-TM4C1294_RTOS_IAR8\Projects\UART_inst\ewarm\List\UART_inst.map
#    Command line =
#        -f C:\Users\bymar\AppData\Local\Temp\EW2881.tmp
#        ("C:\Users\bymar\Desktop\UTFPR\Sistemas
#        Embarcados\Projetos\EK-TM4C1294_RTOS_IAR8\TivaWare_C_Series-2.1.4.178\driverlib\ewarm\Exe\driverlib.a"
#        "C:\Users\bymar\Desktop\UTFPR\Sistemas
#        Embarcados\Projetos\EK-TM4C1294_RTOS_IAR8\CMSIS-5.6.0\CMSIS\RTOS2\RTX\Library\IAR\IDE\CM4F\Exe\RTX_CM.a"
#        "C:\Users\bymar\Desktop\UTFPR\Sistemas
#        Embarcados\Projetos\EK-TM4C1294_RTOS_IAR8\Projects\UART_inst\ewarm\Obj\RTX_Config.o"
#        "C:\Users\bymar\Desktop\UTFPR\Sistemas
#        Embarcados\Projetos\EK-TM4C1294_RTOS_IAR8\Projects\UART_inst\ewarm\Obj\rtx_lib.o"
#        "C:\Users\bymar\Desktop\UTFPR\Sistemas
#        Embarcados\Projetos\EK-TM4C1294_RTOS_IAR8\Projects\UART_inst\ewarm\Obj\startup_TM4C1294.o"
#        "C:\Users\bymar\Desktop\UTFPR\Sistemas
#        Embarcados\Projetos\EK-TM4C1294_RTOS_IAR8\Projects\UART_inst\ewarm\Obj\system_TM4C1294_TW.o"
#        "C:\Users\bymar\Desktop\UTFPR\Sistemas
#        Embarcados\Projetos\EK-TM4C1294_RTOS_IAR8\Projects\UART_inst\ewarm\Obj\UART_inst.o"
#        "C:\Users\bymar\Desktop\UTFPR\Sistemas
#        Embarcados\Projetos\EK-TM4C1294_RTOS_IAR8\Projects\UART_inst\ewarm\Obj\uartstdio.o"
#        --no_out_extension -o "C:\Users\bymar\Desktop\UTFPR\Sistemas
#        Embarcados\Projetos\EK-TM4C1294_RTOS_IAR8\Projects\UART_inst\ewarm\Exe\UART_inst.out"
#        --map "C:\Users\bymar\Desktop\UTFPR\Sistemas
#        Embarcados\Projetos\EK-TM4C1294_RTOS_IAR8\Projects\UART_inst\ewarm\List\UART_inst.map"
#        --config "C:\Program Files (x86)\IAR Systems\Embedded Workbench
#        8.4\arm\config\linker\TexasInstruments\TM4C1294NC.icf" --semihosting
#        --entry __iar_program_start --vfe --text_out locale)
#
###############################################################################

*******************************************************************************
*** RUNTIME MODEL ATTRIBUTES
***

CppFlavor       = *
__SystemLibrary = DLib
__dlib_version  = 6


*******************************************************************************
*** HEAP SELECTION
***

The basic heap was selected because some modules are built with
size limitations (and not runtime checking), and --advanced_heap
was not specified.


*******************************************************************************
*** PLACEMENT SUMMARY
***

"A0":  place at address 0x0 { ro section .intvec };
"P1":  place in [from 0x0 to 0xf'ffff] { ro };
define block CSTACK with size = 32K, alignment = 8 { };
define block HEAP with size = 64K, alignment = 8 { };
"P2":  place in [from 0x2000'0000 to 0x2003'ffff] {
          rw, block CSTACK, block HEAP };
initialize by copy { rw };

  Section               Kind         Address    Size  Object
  -------               ----         -------    ----  ------
"A0":                                          0x3c0
  .intvec               ro code          0x0   0x3c0  startup_TM4C1294.o [1]
                                     - 0x3c0   0x3c0

"P1":                                         0x32a1
  .text                 ro code        0x3c0   0xa4c  rtx_thread.o [2]
  .text                 ro code        0xe0c     0x2  rtx_evr.o [2]
  .text                 ro code        0xe0e     0x2  rtx_evr.o [2]
  .text                 ro code        0xe10     0x2  rtx_evr.o [2]
  .text                 ro code        0xe12     0x2  rtx_evr.o [2]
  .text                 ro code        0xe14     0x2  rtx_evr.o [2]
  .text                 ro code        0xe16     0x2  rtx_evr.o [2]
  .text                 ro code        0xe18     0x2  rtx_evr.o [2]
  .text                 ro code        0xe1a     0x2  rtx_evr.o [2]
  .text                 ro code        0xe1c     0x2  rtx_evr.o [2]
  .text                 ro code        0xe1e     0x2  rtx_evr.o [2]
  .text                 ro code        0xe20     0x2  rtx_evr.o [2]
  .text                 ro code        0xe22     0x2  rtx_evr.o [2]
  .text                 ro code        0xe24     0x2  rtx_evr.o [2]
  .text                 ro code        0xe26    0x3a  zero_init3.o [5]
  .text                 ro code        0xe60    0xe6  rtx_mempool.o [2]
  .text                 ro code        0xf46     0x2  rtx_evr.o [2]
  .text                 ro code        0xf48    0x82  rtx_memory.o [2]
  .text                 ro code        0xfca     0x2  startup_TM4C1294.o [1]
  .text                 ro code        0xfcc     0x6  ABImemclr4.o [5]
  .text                 ro code        0xfd2     0x2  rtx_evr.o [2]
  .text                 ro code        0xfd4    0x4a  rtx_memory.o [2]
  .text                 ro code       0x1020    0x52  rtx_mutex.o [2]
  .text                 ro code       0x1072     0x2  rtx_evr.o [2]
  .text                 ro code       0x1074     0x2  rtx_evr.o [2]
  .text                 ro code       0x1076     0x2  rtx_evr.o [2]
  .text                 ro code       0x1078     0x2  rtx_evr.o [2]
  .text                 ro code       0x107a     0x2  rtx_evr.o [2]
  .text                 ro code       0x107c     0x2  rtx_evr.o [2]
  .text                 ro code       0x107e     0x2  rtx_evr.o [2]
  .text                 ro code       0x1080     0x2  rtx_evr.o [2]
  .text                 ro code       0x1082     0x2  rtx_evr.o [2]
  .text                 ro code       0x1084     0x2  rtx_evr.o [2]
  .text                 ro code       0x1088   0x174  rtx_system.o [2]
  .text                 ro code       0x11fc     0x2  rtx_evr.o [2]
  .text                 ro code       0x11fe    0x20  RTX_Config.o [1]
  .text                 ro code       0x121e     0x2  rtx_evr.o [2]
  .text                 ro code       0x1220     0x2  rtx_evr.o [2]
  .text                 ro code       0x1222     0x2  rtx_evr.o [2]
  .text                 ro code       0x1224     0x2  rtx_evr.o [2]
  .text                 ro code       0x1228    0x32  ABImemset48.o [5]
  .text                 ro code       0x125a     0x2  rtx_evr.o [2]
  .text                 ro code       0x125c     0x2  rtx_evr.o [2]
  .text                 ro code       0x125e     0x2  rtx_evr.o [2]
  .text                 ro code       0x1260     0xc  os_systick.o [2]
  .text                 ro code       0x126c   0x61c  rtx_msgqueue.o [2]
  .text                 ro code       0x1888    0xa6  ABImemcpy.o [5]
  .text                 ro code       0x192e     0x2  rtx_evr.o [2]
  .text                 ro code       0x1930     0x2  rtx_evr.o [2]
  .text                 ro code       0x1932     0x2  rtx_evr.o [2]
  .text                 ro code       0x1934     0x6  ABImemclr.o [5]
  .text                 ro code       0x193a     0x2  rtx_evr.o [2]
  .text                 ro code       0x193c     0x2  rtx_evr.o [2]
  .text                 ro code       0x193e     0x2  rtx_evr.o [2]
  .text                 ro code       0x1940     0x2  rtx_evr.o [2]
  .text                 ro code       0x1942     0x2  rtx_evr.o [2]
  .text                 ro code       0x1944     0x2  rtx_evr.o [2]
  .text                 ro code       0x1946     0x2  rtx_evr.o [2]
  .text                 ro code       0x1948     0x2  rtx_evr.o [2]
  .text                 ro code       0x194a     0x2  rtx_evr.o [2]
  .text                 ro code       0x194c    0x5e  ABImemset.o [5]
  .text                 ro code       0x19ac   0x570  uartstdio.o [1]
  .text                 ro code       0x1f1c    0xec  interrupt.o [4]
  .text                 ro code       0x2008   0x114  uart.o [4]
  .text                 ro code       0x211c   0x2ac  sysctl.o [4]
  .text                 ro code       0x23c8    0x10  cpu.o [4]
  .text                 ro code       0x23d8   0x540  UART_inst.o [1]
  .text                 ro code       0x2918   0x18c  gpio.o [4]
  .text                 ro code       0x2aa4   0x348  rtx_kernel.o [2]
  .text                 ro code       0x2dec    0x28  strncmp.o [3]
  .text                 ro code       0x2e14     0x2  rtx_evr.o [2]
  .text                 ro code       0x2e16    0x44  rtx_memory.o [2]
  .text                 ro code       0x2e5a     0x2  rtx_evr.o [2]
  .text                 ro code       0x2e5c     0x2  rtx_evr.o [2]
  .text                 ro code       0x2e5e     0x2  rtx_evr.o [2]
  .text                 ro code       0x2e60    0x40  os_systick.o [2]
  .text                 ro code       0x2ea0     0x6  os_systick.o [2]
  .text                 ro code       0x2ea8    0x2c  os_systick.o [2]
  .text                 ro code       0x2ed4     0x2  rtx_evr.o [2]
  .text                 ro code       0x2ed6     0x2  rtx_lib.o [1]
  .text                 ro code       0x2ed8     0x2  rtx_evr.o [2]
  .text                 ro code       0x2eda     0x2  rtx_evr.o [2]
  .text                 ro code       0x2edc     0x2  rtx_evr.o [2]
  .text                 ro code       0x2ede     0x2  rtx_evr.o [2]
  .rodata               const         0x2ee0   0x1b0  sysctl.o [4]
  .text                 ro code       0x3090    0xd4  rtx_timer.o [2]
  .text                 ro code       0x3164     0x2  rtx_evr.o [2]
  .text                 ro code       0x3168    0xc4  irq_cm4f.o [2]
  .rodata               const         0x322c    0x90  gpio.o [4]
  .rodata               const         0x32bc    0x6c  sysctl.o [4]
  .rodata               const         0x3328    0x68  rtx_lib.o [1]
  .text                 ro code       0x3390    0x38  packbits_init_single.o [5]
  .rodata               const         0x33c8    0x30  sysctl.o [4]
  .text                 ro code       0x33f8    0x2c  system_TM4C1294_TW.o [1]
  .text                 ro code       0x3424    0x28  data_init.o [5]
  .rodata               const         0x344c    0x24  rtx_lib.o [1]
  .rodata               const         0x3470    0x24  rtx_lib.o [1]
  .iar.init_table       const         0x3494    0x20  - Linker created -
  .text                 ro code       0x34b4    0x1e  cmain.o [5]
  .text                 ro code       0x34d2     0x4  low_level_init.o [3]
  .text                 ro code       0x34d6     0x4  exit.o [3]
  .text                 ro code       0x34dc     0xa  cexit.o [5]
  .text                 ro code       0x34e8    0x14  exit.o [6]
  .rodata               const         0x34fc    0x1c  UART_inst.o [1]
  .text                 ro code       0x3518    0x1c  cstartup_M.o [5]
  .text                 ro code       0x3534    0x14  startup_TM4C1294.o [1]
  .rodata               const         0x3548    0x18  rtx_lib.o [1]
  .rodata               const         0x3560    0x18  UART_inst.o [1]
  .rodata               const         0x3578    0x18  UART_inst.o [1]
  .rodata               const         0x3590    0x14  uartstdio.o [1]
  .rodata               const         0x35a4    0x10  rtx_lib.o [1]
  .rodata               const         0x35b4    0x10  UART_inst.o [1]
  .rodata               const         0x35c4    0x10  UART_inst.o [1]
  .rodata               const         0x35d4     0xc  rtx_lib.o [1]
  .rodata               const         0x35e0     0xc  UART_inst.o [1]
  .rodata               const         0x35ec     0xc  UART_inst.o [1]
  .rodata               const         0x35f8     0xc  UART_inst.o [1]
  .rodata               const         0x3604     0xc  UART_inst.o [1]
  .rodata               const         0x3610     0xc  uartstdio.o [1]
  .rodata               const         0x361c     0xc  uartstdio.o [1]
  .rodata               const         0x3628     0xc  uartstdio.o [1]
  .rodata               const         0x3634     0x8  UART_inst.o [1]
  .rodata               const         0x363c     0x8  UART_inst.o [1]
  .rodata               const         0x3644     0x8  uartstdio.o [1]
  .rodata               const         0x364c     0x4  rtx_lib.o [1]
  .rodata               const         0x3650     0x4  uartstdio.o [1]
  .rodata               const         0x3654     0x0  zero_init3.o [5]
  .rodata               const         0x3654     0x0  packbits_init_single.o [5]
  Initializer bytes     const         0x3654     0xd  <for P2-1>
                                    - 0x3661  0x32a1

"P2", part 1 of 3:                              0xa4
  P2-1                           0x2000'0000    0xa4  <Init block>
    .data.os            inited   0x2000'0000    0xa4  rtx_kernel.o [2]
                               - 0x2000'00a4    0xa4

"P2", part 2 of 3:                            0x1808
  .bss.os               zero     0x2000'00a8  0x1000  rtx_lib.o [1]
  .bss                  zero     0x2000'10a8   0x400  uartstdio.o [1]
  .bss.os.thread.stack  zero     0x2000'14a8   0x100  rtx_lib.o [1]
  .bss.os.thread.stack  zero     0x2000'15a8   0x100  rtx_lib.o [1]
  .bss                  zero     0x2000'16a8    0x80  uartstdio.o [1]
  .bss.os.msgqueue.mem  zero     0x2000'1728    0x50  rtx_lib.o [1]
  .bss.os.thread.cb     zero     0x2000'1778    0x44  rtx_lib.o [1]
  .bss.os.thread.cb     zero     0x2000'17bc    0x44  rtx_lib.o [1]
  .bss.os               zero     0x2000'1800    0x40  rtx_lib.o [1]
  .bss.os.msgqueue.cb   zero     0x2000'1840    0x34  rtx_lib.o [1]
  .bss                  zero     0x2000'1874     0x4  UART_inst.o [1]
  .bss                  zero     0x2000'1878     0x4  UART_inst.o [1]
  .bss                  zero     0x2000'187c     0x4  UART_inst.o [1]
  .bss                  zero     0x2000'1880     0x4  UART_inst.o [1]
  .bss                  zero     0x2000'1884     0x4  UART_inst.o [1]
  .bss                  zero     0x2000'1888     0x4  UART_inst.o [1]
  .bss                  zero     0x2000'188c     0x4  UART_inst.o [1]
  .bss                  zero     0x2000'1890     0x4  uartstdio.o [1]
  .bss                  zero     0x2000'1894     0x4  uartstdio.o [1]
  .bss                  zero     0x2000'1898     0x4  uartstdio.o [1]
  .bss                  zero     0x2000'189c     0x4  uartstdio.o [1]
  .bss                  zero     0x2000'18a0     0x4  uartstdio.o [1]
  .bss                  zero     0x2000'18a4     0x4  uartstdio.o [1]
  .bss                  zero     0x2000'18a8     0x1  uartstdio.o [1]
  .bss                  zero     0x2000'18a9     0x1  uartstdio.o [1]
  .bss                  zero     0x2000'18aa     0x1  os_systick.o [2]
                               - 0x2000'18ab  0x1807

"P2", part 3 of 3:                            0x8004
  .noinit               uninit   0x2000'18ac     0x4  system_TM4C1294_TW.o [1]
  CSTACK                         0x2000'18b0  0x8000  <Block>
    CSTACK              uninit   0x2000'18b0  0x8000  <Block tail>
                               - 0x2000'98b0  0x8004

Unused ranges:

         From           To      Size
         ----           --      ----
       0x3661     0xf'ffff  0xf'c99f
  0x2000'98b0  0x2003'ffff  0x3'6750


*******************************************************************************
*** INIT TABLE
***

          Address      Size
          -------      ----
Zero (__iar_zero_init3)
    1 destination range, total size 0x1803:
          0x2000'00a8  0x1803

Copy/packbits (__iar_packbits_init_single3)
    1 source range, total size 0xd (7% of destination):
               0x3654     0xd
    1 destination range, total size 0xa4:
          0x2000'0000    0xa4



*******************************************************************************
*** MODULE SUMMARY
***

    Module                  ro code  ro data  rw data
    ------                  -------  -------  -------
command line/config:
    -------------------------------------------------
    Total:

C:\Users\bymar\Desktop\UTFPR\Sistemas Embarcados\Projetos\EK-TM4C1294_RTOS_IAR8\Projects\UART_inst\ewarm\Obj: [1]
    RTX_Config.o                 32
    UART_inst.o               1'344      172       28
    rtx_lib.o                     2      232    4'940
    startup_TM4C1294.o          982
    system_TM4C1294_TW.o         44                 4
    uartstdio.o               1'392       68    1'178
    -------------------------------------------------
    Total:                    3'796      472    6'150

RTX_CM.a: [2]
    irq_cm4f.o                  196
    os_systick.o                126                 1
    rtx_evr.o                   110
    rtx_kernel.o                840       13      164
    rtx_memory.o                272
    rtx_mempool.o               230
    rtx_msgqueue.o            1'564
    rtx_mutex.o                  82
    rtx_system.o                372
    rtx_thread.o              2'636
    rtx_timer.o                 212
    -------------------------------------------------
    Total:                    6'640       13      165

dl7M_tln.a: [3]
    exit.o                        4
    low_level_init.o              4
    strncmp.o                    40
    -------------------------------------------------
    Total:                       48

driverlib.a: [4]
    cpu.o                        16
    gpio.o                      396      144
    interrupt.o                 236
    sysctl.o                    684      588
    uart.o                      276
    -------------------------------------------------
    Total:                    1'608      732

rt7M_tl.a: [5]
    ABImemclr.o                   6
    ABImemclr4.o                  6
    ABImemcpy.o                 166
    ABImemset.o                  94
    ABImemset48.o                50
    cexit.o                      10
    cmain.o                      30
    cstartup_M.o                 28
    data_init.o                  40
    packbits_init_single.o       56
    zero_init3.o                 58
    -------------------------------------------------
    Total:                      544

shb_l.a: [6]
    exit.o                       20
    -------------------------------------------------
    Total:                       20

    Gaps                         16                 4
    Linker created                        32   32'768
-----------------------------------------------------
    Grand Total:             12'672    1'249   39'087


*******************************************************************************
*** ENTRY LIST
***

Entry                       Address    Size  Type      Object
-----                       -------    ----  ----      ------
.iar.init_table$$Base        0x3494           --   Gb  - Linker created -
.iar.init_table$$Limit       0x34b4           --   Gb  - Linker created -
?main                        0x34b5          Code  Gb  cmain.o [5]
CPUcpsid                     0x23c9     0x8  Code  Gb  cpu.o [4]
CPUcpsie                     0x23d1     0x8  Code  Gb  cpu.o [4]
CSTACK$$Base            0x2000'18b0           --   Gb  - Linker created -
CSTACK$$Limit           0x2000'98b0           --   Gb  - Linker created -
EvrRtxDelayCompleted          0xe0d     0x2  Code  Wk  rtx_evr.o [2]
EvrRtxEventFlagsWaitTimeout
                              0xe11     0x2  Code  Wk  rtx_evr.o [2]
EvrRtxKernelError            0x2e15     0x2  Code  Wk  rtx_evr.o [2]
EvrRtxKernelGetInfo          0x2edb     0x2  Code  Wk  rtx_evr.o [2]
EvrRtxKernelGetState         0x2e5f     0x2  Code  Wk  rtx_evr.o [2]
EvrRtxKernelInfoRetrieved
                             0x2e5d     0x2  Code  Wk  rtx_evr.o [2]
EvrRtxKernelInitialize       0x2ed9     0x2  Code  Wk  rtx_evr.o [2]
EvrRtxKernelInitialized
                             0x2e5b     0x2  Code  Wk  rtx_evr.o [2]
EvrRtxKernelStart            0x2edd     0x2  Code  Wk  rtx_evr.o [2]
EvrRtxKernelStarted          0x2ed5     0x2  Code  Wk  rtx_evr.o [2]
EvrRtxMemoryAlloc            0x1225     0x2  Code  Wk  rtx_evr.o [2]
EvrRtxMemoryBlockAlloc       0x1221     0x2  Code  Wk  rtx_evr.o [2]
EvrRtxMemoryBlockFree        0x1223     0x2  Code  Wk  rtx_evr.o [2]
EvrRtxMemoryBlockInit        0x121f     0x2  Code  Wk  rtx_evr.o [2]
EvrRtxMemoryFree             0x125b     0x2  Code  Wk  rtx_evr.o [2]
EvrRtxMemoryInit             0x2edf     0x2  Code  Wk  rtx_evr.o [2]
EvrRtxMemoryPoolAllocTimeout
                              0xe17     0x2  Code  Wk  rtx_evr.o [2]
EvrRtxMessageQueueCreated
                             0x193b     0x2  Code  Wk  rtx_evr.o [2]
EvrRtxMessageQueueError
                             0x1933     0x2  Code  Wk  rtx_evr.o [2]
EvrRtxMessageQueueGet        0x194b     0x2  Code  Wk  rtx_evr.o [2]
EvrRtxMessageQueueGetPending
                             0x1941     0x2  Code  Wk  rtx_evr.o [2]
EvrRtxMessageQueueGetTimeout
                              0xe19     0x2  Code  Wk  rtx_evr.o [2]
EvrRtxMessageQueueInsertPending
                             0x1949     0x2  Code  Wk  rtx_evr.o [2]
EvrRtxMessageQueueInserted
                             0x192f     0x2  Code  Wk  rtx_evr.o [2]
EvrRtxMessageQueueNew        0x1945     0x2  Code  Wk  rtx_evr.o [2]
EvrRtxMessageQueueNotInserted
                             0x193f     0x2  Code  Wk  rtx_evr.o [2]
EvrRtxMessageQueueNotRetrieved
                             0x1943     0x2  Code  Wk  rtx_evr.o [2]
EvrRtxMessageQueuePut        0x1947     0x2  Code  Wk  rtx_evr.o [2]
EvrRtxMessageQueuePutPending
                             0x193d     0x2  Code  Wk  rtx_evr.o [2]
EvrRtxMessageQueuePutTimeout
                              0xe1b     0x2  Code  Wk  rtx_evr.o [2]
EvrRtxMessageQueueRetrieved
                             0x1931     0x2  Code  Wk  rtx_evr.o [2]
EvrRtxMutexAcquireTimeout
                              0xe13     0x2  Code  Wk  rtx_evr.o [2]
EvrRtxMutexAcquired          0x125f     0x2  Code  Wk  rtx_evr.o [2]
EvrRtxMutexReleased          0x125d     0x2  Code  Wk  rtx_evr.o [2]
EvrRtxSemaphoreAcquireTimeout
                              0xe15     0x2  Code  Wk  rtx_evr.o [2]
EvrRtxThreadBlocked           0xe23     0x2  Code  Wk  rtx_evr.o [2]
EvrRtxThreadCreated           0xfd3     0x2  Code  Wk  rtx_evr.o [2]
EvrRtxThreadDestroyed        0x1075     0x2  Code  Wk  rtx_evr.o [2]
EvrRtxThreadError             0xf47     0x2  Code  Wk  rtx_evr.o [2]
EvrRtxThreadExit             0x1083     0x2  Code  Wk  rtx_evr.o [2]
EvrRtxThreadFlagsError       0x1077     0x2  Code  Wk  rtx_evr.o [2]
EvrRtxThreadFlagsSet         0x1085     0x2  Code  Wk  rtx_evr.o [2]
EvrRtxThreadFlagsSetDone
                             0x1079     0x2  Code  Wk  rtx_evr.o [2]
EvrRtxThreadFlagsWait        0x11fd     0x2  Code  Wk  rtx_evr.o [2]
EvrRtxThreadFlagsWaitCompleted
                              0xe25     0x2  Code  Wk  rtx_evr.o [2]
EvrRtxThreadFlagsWaitNotCompleted
                             0x107d     0x2  Code  Wk  rtx_evr.o [2]
EvrRtxThreadFlagsWaitPending
                             0x107b     0x2  Code  Wk  rtx_evr.o [2]
EvrRtxThreadFlagsWaitTimeout
                              0xe0f     0x2  Code  Wk  rtx_evr.o [2]
EvrRtxThreadJoined           0x1073     0x2  Code  Wk  rtx_evr.o [2]
EvrRtxThreadNew              0x107f     0x2  Code  Wk  rtx_evr.o [2]
EvrRtxThreadPreempted         0xe1f     0x2  Code  Wk  rtx_evr.o [2]
EvrRtxThreadSwitched          0xe21     0x2  Code  Wk  rtx_evr.o [2]
EvrRtxThreadUnblocked         0xe1d     0x2  Code  Wk  rtx_evr.o [2]
EvrRtxThreadYield            0x1081     0x2  Code  Wk  rtx_evr.o [2]
EvrRtxTimerCallback          0x3165     0x2  Code  Wk  rtx_evr.o [2]
GPIODirModeSet               0x2919    0x28  Code  Gb  gpio.o [4]
GPIOPadConfigSet             0x2941   0x102  Code  Gb  gpio.o [4]
GPIOPinConfigure             0x2a63    0x36  Code  Gb  gpio.o [4]
GPIOPinTypeUART              0x2a4f    0x14  Code  Gb  gpio.o [4]
IntDisable                   0x1f7d    0x46  Code  Gb  interrupt.o [4]
IntEnable                    0x1f35    0x46  Code  Gb  interrupt.o [4]
IntMasterDisable             0x1f25     0x6  Code  Gb  interrupt.o [4]
IntMasterEnable              0x1f1d     0x8  Code  Gb  interrupt.o [4]
IsBufferEmpty                0x19c9    0x12  Code  Lc  uartstdio.o [1]
IsBufferFull                 0x19ad    0x1c  Code  Lc  uartstdio.o [1]
Mensagens_Recebidas          0x24dd    0xa0  Code  Gb  UART_inst.o [1]
Mensagens_Transmitidas       0x257d    0x34  Code  Gb  UART_inst.o [1]
MessageQueueGet              0x12b9    0x40  Code  Lc  rtx_msgqueue.o [2]
MessageQueuePut              0x126d    0x4a  Code  Lc  rtx_msgqueue.o [2]
MessageQueueRemove           0x12f9    0x1a  Code  Lc  rtx_msgqueue.o [2]
OS_Tick_AcknowledgeIRQ       0x1261     0xc  Code  Wk  os_systick.o [2]
OS_Tick_Enable               0x2ea9    0x2c  Code  Wk  os_systick.o [2]
OS_Tick_GetIRQn              0x2ea1     0x6  Code  Wk  os_systick.o [2]
OS_Tick_Setup                0x2e61    0x40  Code  Wk  os_systick.o [2]
PendST                  0x2000'18aa     0x1  Data  Lc  os_systick.o [2]
PendSV_Handler               0x3201          Code  Gb  irq_cm4f.o [2]
Region$$Table$$Base          0x3494           --   Gb  - Linker created -
Region$$Table$$Limit         0x34b4           --   Gb  - Linker created -
SVC_Handler                  0x3169          Code  Gb  irq_cm4f.o [2]
SysCtlClockFreqSet           0x2187   0x1fc  Code  Gb  sysctl.o [4]
SysCtlPeripheralEnable       0x2169     0x8  Code  Gb  sysctl.o [4]
SysCtlPeripheralPresent
                             0x213d     0xa  Code  Gb  sysctl.o [4]
SysCtlPeripheralReady        0x2147     0x8  Code  Gb  sysctl.o [4]
SysTick_Handler              0x3211          Code  Gb  irq_cm4f.o [2]
SystemCoreClock         0x2000'18ac     0x4  Data  Gb  system_TM4C1294_TW.o [1]
SystemInit                   0x33f9    0x1a  Code  Gb  system_TM4C1294_TW.o [1]
ThreadFlagsCheck              0x3c1    0x6c  Code  Lc  rtx_thread.o [2]
TimerInsert                  0x3091    0x38  Code  Lc  rtx_timer.o [2]
UART0_Handler                0x242d    0x14  Code  Gb  UART_inst.o [1]
UARTCharGetNonBlocking       0x20cf    0x14  Code  Gb  uart.o [4]
UARTCharPutNonBlocking       0x20e3    0x16  Code  Gb  uart.o [4]
UARTCharsAvail               0x20b7     0x8  Code  Gb  uart.o [4]
UARTConfigSetExpClk          0x2011    0x5c  Code  Gb  uart.o [4]
UARTDisable                  0x2087    0x22  Code  Gb  uart.o [4]
UARTEnable                   0x206d    0x1a  Code  Gb  uart.o [4]
UARTFIFOLevelSet             0x2009     0x8  Code  Gb  uart.o [4]
UARTFlushRx                  0x1d71    0x1c  Code  Gb  uartstdio.o [1]
UARTFlushTx                  0x1d8d    0x30  Code  Gb  uartstdio.o [1]
UARTInit                     0x23d9    0x54  Code  Gb  UART_inst.o [1]
UARTIntClear                 0x2117     0x6  Code  Gb  uart.o [4]
UARTIntDisable               0x20ff     0x4  Code  Gb  uart.o [4]
UARTIntEnable                0x20f9     0x6  Code  Gb  uart.o [4]
UARTIntStatus                0x210b     0xc  Code  Gb  uart.o [4]
UARTPrimeTransmit            0x19db    0x6a  Code  Lc  uartstdio.o [1]
UARTSpaceAvail               0x20bf     0x6  Code  Gb  uart.o [4]
UARTStdioConfig              0x1a45    0x7e  Code  Gb  uartstdio.o [1]
UARTStdioIntHandler          0x1dc1   0x116  Code  Gb  uartstdio.o [1]
UARTStdioIntHandler::bLastWasCR
                        0x2000'18a9     0x1  Data  Lc  uartstdio.o [1]
UARTgets                     0x1b55    0x58  Code  Gb  uartstdio.o [1]
UARTprintf                   0x1d63     0xe  Code  Gb  uartstdio.o [1]
UARTvprintf                  0x1bad   0x1b6  Code  Gb  uartstdio.o [1]
UARTwrite                    0x1ac3    0x92  Code  Gb  uartstdio.o [1]
_SysCtlMemTimingGet          0x211d    0x20  Code  Lc  sysctl.o [4]
__Vectors                       0x0           --   Gb  startup_TM4C1294.o [1]
__Vectors_End                 0x3c0          Data  Gb  startup_TM4C1294.o [1]
__Vectors_Size {Abs}          0x3c0           --   Gb  startup_TM4C1294.o [1]
__aeabi_memclr               0x1935          Code  Gb  ABImemclr.o [5]
__aeabi_memclr4               0xfcd          Code  Gb  ABImemclr4.o [5]
__aeabi_memcpy               0x1889          Code  Gb  ABImemcpy.o [5]
__aeabi_memcpy4              0x18a9          Code  Gb  ABImemcpy.o [5]
__aeabi_memcpy8              0x18a9          Code  Gb  ABImemcpy.o [5]
__cmain                      0x34b5          Code  Gb  cmain.o [5]
__exit                       0x34e9    0x14  Code  Gb  exit.o [6]
__iar_Memset4_word           0x1229          Code  Gb  ABImemset48.o [5]
__iar_Memset8_word           0x1229          Code  Gb  ABImemset48.o [5]
__iar_Memset_word            0x194d          Code  Gb  ABImemset.o [5]
__iar_data_init3             0x3425    0x28  Code  Gb  data_init.o [5]
__iar_init_vfp               0x353d          Code  Wk  startup_TM4C1294.o [1]
__iar_packbits_init_single3
                             0x3391    0x38  Code  Gb  packbits_init_single.o [5]
__iar_program_start          0x3519          Code  Gb  cstartup_M.o [5]
__iar_zero_init3              0xe27    0x3a  Code  Gb  zero_init3.o [5]
__low_level_init             0x34d3     0x4  Code  Gb  low_level_init.o [3]
__vector_table                  0x0          Data  Gb  startup_TM4C1294.o [1]
__vector_table_0x1c            0x1c          Data  Gb  startup_TM4C1294.o [1]
_call_main                   0x34c1          Code  Gb  cmain.o [5]
_exit                        0x34dd          Code  Gb  cexit.o [5]
_main                        0x34cb          Code  Gb  cmain.o [5]
controle_portas              0x27c9    0x58  Code  Gb  UART_inst.o [1]
elevador_esquerdo            0x25b1   0x20c  Code  Gb  UART_inst.o [1]
exit                         0x34d7     0x4  Code  Gb  exit.o [3]
g_bDisableEcho          0x2000'18a8     0x1  Data  Lc  uartstdio.o [1]
g_pcHex                      0x3650     0x4  Data  Lc  uartstdio.o [1]
g_pcUARTRxBuffer        0x2000'16a8    0x80  Data  Lc  uartstdio.o [1]
g_pcUARTTxBuffer        0x2000'10a8   0x400  Data  Lc  uartstdio.o [1]
g_pppui32XTALtoVCO           0x2ee0   0x1b0  Data  Lc  sysctl.o [4]
g_pui32Dii16Regs             0x1ff4    0x14  Data  Lc  interrupt.o [4]
g_pui32EnRegs                0x1fe0    0x14  Data  Lc  interrupt.o [4]
g_pui32GPIOBaseAddrs         0x322c    0x90  Data  Lc  gpio.o [4]
g_pui32VCOFrequencies        0x23c0     0x8  Data  Lc  sysctl.o [4]
g_pui32Xtals                 0x32bc    0x6c  Data  Lc  sysctl.o [4]
g_sXTALtoMEMTIM              0x33c8    0x30  Data  Lc  sysctl.o [4]
g_ui32Base              0x2000'18a0     0x4  Data  Lc  uartstdio.o [1]
g_ui32PortNum           0x2000'18a4     0x4  Data  Lc  uartstdio.o [1]
g_ui32UARTBase               0x3610     0xc  Data  Lc  uartstdio.o [1]
g_ui32UARTInt                0x361c     0xc  Data  Lc  uartstdio.o [1]
g_ui32UARTPeriph             0x3628     0xc  Data  Lc  uartstdio.o [1]
g_ui32UARTRxReadIndex   0x2000'189c     0x4  Data  Lc  uartstdio.o [1]
g_ui32UARTRxWriteIndex  0x2000'1898     0x4  Data  Lc  uartstdio.o [1]
g_ui32UARTTxReadIndex   0x2000'1894     0x4  Data  Lc  uartstdio.o [1]
g_ui32UARTTxWriteIndex  0x2000'1890     0x4  Data  Lc  uartstdio.o [1]
id_Fila_Mensangens_Elevador_Esquerdo
                        0x2000'1878     0x4  Data  Gb  UART_inst.o [1]
id_Fila_Mensangens_Principal
                        0x2000'1874     0x4  Data  Gb  UART_inst.o [1]
id_Fila_Mensangens_Saida
                        0x2000'187c     0x4  Data  Gb  UART_inst.o [1]
id_Tarefa_Elevador_Esquerdo
                        0x2000'1888     0x4  Data  Gb  UART_inst.o [1]
id_Tarefa_Mensagens_Recebidas
                        0x2000'1880     0x4  Data  Gb  UART_inst.o [1]
id_Tarefa_Mensagens_Transmitidas
                        0x2000'1884     0x4  Data  Gb  UART_inst.o [1]
id_controle_portas      0x2000'188c     0x4  Data  Gb  UART_inst.o [1]
main                         0x2825    0x8e  Code  Gb  UART_inst.o [1]
myKernelInfo                 0x2441    0x3a  Code  Gb  UART_inst.o [1]
myKernelState                0x247b    0x5e  Code  Gb  UART_inst.o [1]
osKernelGetInfo              0x2cd9    0x6a  Code  Gb  rtx_kernel.o [2]
osKernelGetState             0x2d45    0x40  Code  Gb  rtx_kernel.o [2]
osKernelInitialize           0x2ca1    0x38  Code  Gb  rtx_kernel.o [2]
osKernelStart                0x2d85    0x34  Code  Gb  rtx_kernel.o [2]
osMessageQueueGet            0x17e5    0x90  Code  Gb  rtx_msgqueue.o [2]
osMessageQueueNew            0x170d    0x3e  Code  Gb  rtx_msgqueue.o [2]
osMessageQueuePut            0x174d    0x98  Code  Gb  rtx_msgqueue.o [2]
osRtxConfig                  0x3328    0x68  Data  Gb  rtx_lib.o [1]
osRtxErrorNotify             0x11ff    0x20  Code  Wk  RTX_Config.o [1]
osRtxIdleThread              0x24d9     0x4  Code  Gb  UART_inst.o [1]
osRtxInfo               0x2000'0000    0xa4  Data  Gb  rtx_kernel.o [2]
osRtxKernelPreInit           0x2ed7     0x2  Code  Gb  rtx_lib.o [1]
osRtxMemoryAlloc              0xf49    0x82  Code  Wk  rtx_memory.o [2]
osRtxMemoryFree               0xfd5    0x4a  Code  Wk  rtx_memory.o [2]
osRtxMemoryInit              0x2e17    0x44  Code  Wk  rtx_memory.o [2]
osRtxMemoryPoolAlloc          0xead    0x44  Code  Gb  rtx_mempool.o [2]
osRtxMemoryPoolFree           0xef1    0x56  Code  Gb  rtx_mempool.o [2]
osRtxMemoryPoolInit           0xe61    0x4a  Code  Gb  rtx_mempool.o [2]
osRtxMessageQueuePostProcess
                             0x1313    0xe6  Code  Lc  rtx_msgqueue.o [2]
osRtxMutexOwnerRelease       0x1021    0x52  Code  Gb  rtx_mutex.o [2]
osRtxPendSV_Handler          0x10f9    0x8a  Code  Gb  rtx_system.o [2]
osRtxPostProcess             0x1185    0x6e  Code  Gb  rtx_system.o [2]
osRtxThreadBlock              0x629    0x34  Code  Lc  rtx_thread.o [2]
osRtxThreadDelayInsert        0x481    0x62  Code  Lc  rtx_thread.o [2]
osRtxThreadDelayRemove        0x4e3    0x44  Code  Lc  rtx_thread.o [2]
osRtxThreadDelayTick          0x527    0xee  Code  Gb  rtx_thread.o [2]
osRtxThreadDispatch           0x679    0x54  Code  Gb  rtx_thread.o [2]
osRtxThreadFree               0x9a9    0x56  Code  Lc  rtx_thread.o [2]
osRtxThreadListGet            0x44f    0x14  Code  Gb  rtx_thread.o [2]
osRtxThreadListPut            0x42d    0x22  Code  Gb  rtx_thread.o [2]
osRtxThreadListRemove         0x463    0x16  Code  Gb  rtx_thread.o [2]
osRtxThreadPostProcess        0x741    0x54  Code  Lc  rtx_thread.o [2]
osRtxThreadReadyPut           0x479     0x8  Code  Gb  rtx_thread.o [2]
osRtxThreadRegPtr             0x615    0x14  Code  Gb  rtx_thread.o [2]
osRtxThreadStartup            0xc33    0x30  Code  Gb  rtx_thread.o [2]
osRtxThreadSwitch             0x65d    0x1c  Code  Gb  rtx_thread.o [2]
osRtxThreadWaitEnter          0x707    0x3a  Code  Gb  rtx_thread.o [2]
osRtxThreadWaitExit           0x6d3    0x2e  Code  Gb  rtx_thread.o [2]
osRtxTick_Handler            0x1089    0x6e  Code  Gb  rtx_system.o [2]
osRtxTimerThread             0x3121    0x44  Code  Wk  rtx_timer.o [2]
osRtxTimerTick               0x30c9    0x54  Code  Lc  rtx_timer.o [2]
osRtxUserSVC                 0x364c     0x4  Data  Wk  rtx_lib.o [1]
osThreadExit                  0xce5    0x16  Code  Gb  rtx_thread.o [2]
osThreadFlagsSet              0xd09    0x7a  Code  Gb  rtx_thread.o [2]
osThreadFlagsWait             0xd85    0x42  Code  Gb  rtx_thread.o [2]
osThreadNew                   0xc65    0x40  Code  Gb  rtx_thread.o [2]
osThreadYield                 0xca9    0x36  Code  Gb  rtx_thread.o [2]
os_idle_thread_attr          0x344c    0x24  Data  Lc  rtx_lib.o [1]
os_idle_thread_cb       0x2000'1778    0x44  Data  Lc  rtx_lib.o [1]
os_idle_thread_stack    0x2000'14a8   0x100  Data  Lc  rtx_lib.o [1]
os_isr_queue            0x2000'1800    0x40  Data  Lc  rtx_lib.o [1]
os_mem                  0x2000'00a8  0x1000  Data  Lc  rtx_lib.o [1]
os_timer_mq_attr             0x3548    0x18  Data  Lc  rtx_lib.o [1]
os_timer_mq_cb          0x2000'1840    0x34  Data  Lc  rtx_lib.o [1]
os_timer_mq_data        0x2000'1728    0x50  Data  Lc  rtx_lib.o [1]
os_timer_thread_attr         0x3470    0x24  Data  Lc  rtx_lib.o [1]
os_timer_thread_cb      0x2000'17bc    0x44  Data  Lc  rtx_lib.o [1]
os_timer_thread_stack   0x2000'15a8   0x100  Data  Lc  rtx_lib.o [1]
strncmp                      0x2ded    0x28  Code  Gb  strncmp.o [3]
svcRtxKernelGetInfo          0x2bbb    0x34  Code  Lc  rtx_kernel.o [2]
svcRtxKernelGetState         0x2bf7    0x12  Code  Lc  rtx_kernel.o [2]
svcRtxKernelInitialize       0x2aa5   0x116  Code  Lc  rtx_kernel.o [2]
svcRtxKernelStart            0x2c09    0x96  Code  Lc  rtx_kernel.o [2]
svcRtxMessageQueueGet        0x15fd    0xe8  Code  Lc  rtx_msgqueue.o [2]
svcRtxMessageQueueNew        0x13f9   0x130  Code  Lc  rtx_msgqueue.o [2]
svcRtxMessageQueuePut        0x1529    0xd4  Code  Lc  rtx_msgqueue.o [2]
svcRtxThreadExit              0x9ff    0x8e  Code  Lc  rtx_thread.o [2]
svcRtxThreadFlagsSet          0xa8d    0x9c  Code  Lc  rtx_thread.o [2]
svcRtxThreadFlagsWait         0xb2d   0x106  Code  Lc  rtx_thread.o [2]
svcRtxThreadNew               0x795   0x1cc  Code  Lc  rtx_thread.o [2]
svcRtxThreadYield             0x967    0x42  Code  Lc  rtx_thread.o [2]


[1] = C:\Users\bymar\Desktop\UTFPR\Sistemas Embarcados\Projetos\EK-TM4C1294_RTOS_IAR8\Projects\UART_inst\ewarm\Obj
[2] = RTX_CM.a
[3] = dl7M_tln.a
[4] = driverlib.a
[5] = rt7M_tl.a
[6] = shb_l.a

  12'672 bytes of readonly  code memory
   1'249 bytes of readonly  data memory
  39'087 bytes of readwrite data memory

Errors: none
Warnings: none
