###############################################################################
#
# IAR ELF Linker V8.50.9.278/W32 for ARM                  11/May/2021  19:41:37
# Copyright 2007-2020 IAR Systems AB.
#
#    Output file  =
#        C:\Users\bymar\Desktop\UTFPR\Sistemas
#        Embarcados\EK-TM4C1294_RTOS_IAR8\Projects\UART_inst\Debug\Exe\UART_inst.out
#    Map file     =
#        C:\Users\bymar\Desktop\UTFPR\Sistemas
#        Embarcados\EK-TM4C1294_RTOS_IAR8\Projects\UART_inst\Debug\List\UART_inst.map
#    Command line =
#        -f C:\Users\bymar\AppData\Local\Temp\EW7F7A.tmp
#        ("C:\Users\bymar\Desktop\UTFPR\Sistemas
#        Embarcados\EK-TM4C1294_RTOS_IAR8\TivaWare_C_Series-2.1.4.178\driverlib\ewarm\Exe\driverlib.a"
#        "C:\Users\bymar\Desktop\UTFPR\Sistemas
#        Embarcados\EK-TM4C1294_RTOS_IAR8\CMSIS-5.6.0\CMSIS\RTOS2\RTX\Library\IAR\IDE\CM4F\Exe\RTX_CM.a"
#        "C:\Users\bymar\Desktop\UTFPR\Sistemas
#        Embarcados\EK-TM4C1294_RTOS_IAR8\Projects\UART_inst\Debug\Obj\RTX_Config.o"
#        "C:\Users\bymar\Desktop\UTFPR\Sistemas
#        Embarcados\EK-TM4C1294_RTOS_IAR8\Projects\UART_inst\Debug\Obj\rtx_lib.o"
#        "C:\Users\bymar\Desktop\UTFPR\Sistemas
#        Embarcados\EK-TM4C1294_RTOS_IAR8\Projects\UART_inst\Debug\Obj\startup_TM4C1294.o"
#        "C:\Users\bymar\Desktop\UTFPR\Sistemas
#        Embarcados\EK-TM4C1294_RTOS_IAR8\Projects\UART_inst\Debug\Obj\system_TM4C1294_TW.o"
#        "C:\Users\bymar\Desktop\UTFPR\Sistemas
#        Embarcados\EK-TM4C1294_RTOS_IAR8\Projects\UART_inst\Debug\Obj\UART_inst.o"
#        --no_out_extension -o "C:\Users\bymar\Desktop\UTFPR\Sistemas
#        Embarcados\EK-TM4C1294_RTOS_IAR8\Projects\UART_inst\Debug\Exe\UART_inst.out"
#        --map "C:\Users\bymar\Desktop\UTFPR\Sistemas
#        Embarcados\EK-TM4C1294_RTOS_IAR8\Projects\UART_inst\Debug\List\UART_inst.map"
#        --config "C:\Program Files (x86)\IAR Systems\Embedded Workbench
#        8.4\arm\config\linker\TexasInstruments\TM4C1294NC.icf" --semihosting
#        --entry __iar_program_start --vfe --text_out locale)
#
###############################################################################

*******************************************************************************
*** MESSAGES
***

Error[Li005]: no definition for "UARTStdioIntHandler" [referenced from
          C:\Users\bymar\Desktop\UTFPR\Sistemas Embarcados\EK-TM4C1294_RTOS_IAR
          8\Projects\UART_inst\Debug\Obj\UART_inst.o]
Error[Li005]: no definition for "UARTprintf" [referenced from
          C:\Users\bymar\Desktop\UTFPR\Sistemas Embarcados\EK-TM4C1294_RTOS_IAR
          8\Projects\UART_inst\Debug\Obj\UART_inst.o]
Error[Li005]: no definition for "UARTFlushTx" [referenced from
          C:\Users\bymar\Desktop\UTFPR\Sistemas Embarcados\EK-TM4C1294_RTOS_IAR
          8\Projects\UART_inst\Debug\Obj\UART_inst.o]
Error[Li005]: no definition for "UARTStdioConfig" [referenced from
          C:\Users\bymar\Desktop\UTFPR\Sistemas Embarcados\EK-TM4C1294_RTOS_IAR
          8\Projects\UART_inst\Debug\Obj\UART_inst.o]


*******************************************************************************
*** RUNTIME MODEL ATTRIBUTES
***

CppFlavor       = *
__SystemLibrary = DLib
__dlib_version  = 6


*******************************************************************************
*** HEAP SELECTION
***

The basic heap was selected because some modules are built with
size limitations (and not runtime checking), and --advanced_heap
was not specified.


*******************************************************************************
*** PLACEMENT SUMMARY
***

"A0":  place at address 0x0 { ro section .intvec };
"P1":  place in [from 0x0 to 0xf'ffff] { ro };
define block CSTACK with size = 32K, alignment = 8 { };
define block HEAP with size = 64K, alignment = 8 { };
"P2":  place in [from 0x2000'0000 to 0x2003'ffff] {
          rw, block CSTACK, block HEAP };
initialize by copy { rw };

  Section               Kind         Address    Size  Object
  -------               ----         -------    ----  ------
"A0":                                          0x3c0
  .intvec               ro code          0x0   0x3c0  startup_TM4C1294.o [1]
                                     - 0x3c0   0x3c0

"P1":                                         0x2ccd
  .text                 ro code        0x3c0   0x970  rtx_thread.o [2]
  .text                 ro code        0xd30     0x2  rtx_evr.o [2]
  .text                 ro code        0xd32     0x2  rtx_evr.o [2]
  .text                 ro code        0xd34     0x2  rtx_evr.o [2]
  .text                 ro code        0xd36     0x2  rtx_evr.o [2]
  .text                 ro code        0xd38     0x2  rtx_evr.o [2]
  .text                 ro code        0xd3a     0x2  rtx_evr.o [2]
  .text                 ro code        0xd3c     0x2  rtx_evr.o [2]
  .text                 ro code        0xd3e     0x2  rtx_evr.o [2]
  .text                 ro code        0xd40     0x2  rtx_evr.o [2]
  .text                 ro code        0xd42     0x2  rtx_evr.o [2]
  .text                 ro code        0xd44     0x2  rtx_evr.o [2]
  .text                 ro code        0xd46     0x2  rtx_evr.o [2]
  .text                 ro code        0xd48     0x2  rtx_evr.o [2]
  .text                 ro code        0xd4a    0x3a  zero_init3.o [5]
  .text                 ro code        0xd84    0xe6  rtx_mempool.o [2]
  .text                 ro code        0xe6a     0x2  rtx_evr.o [2]
  .text                 ro code        0xe6c    0x82  rtx_memory.o [2]
  .text                 ro code        0xeee     0x2  startup_TM4C1294.o [1]
  .text                 ro code        0xef0     0x6  ABImemclr4.o [5]
  .text                 ro code        0xef6     0x2  rtx_evr.o [2]
  .text                 ro code        0xef8    0x4a  rtx_memory.o [2]
  .text                 ro code        0xf42     0x2  rtx_evr.o [2]
  .text                 ro code        0xf44     0x2  rtx_evr.o [2]
  .text                 ro code        0xf46     0x2  rtx_evr.o [2]
  .text                 ro code        0xf48     0x2  rtx_evr.o [2]
  .text                 ro code        0xf4c   0x34c  rtx_mutex.o [2]
  .text                 ro code       0x1298     0x2  rtx_evr.o [2]
  .text                 ro code       0x129a     0x2  rtx_evr.o [2]
  .text                 ro code       0x129c     0x2  rtx_evr.o [2]
  .text                 ro code       0x129e     0x2  rtx_evr.o [2]
  .text                 ro code       0x12a0     0x2  rtx_evr.o [2]
  .text                 ro code       0x12a2    0x20  RTX_Config.o [1]
  .text                 ro code       0x12c2     0x2  rtx_evr.o [2]
  .text                 ro code       0x12c4     0x2  rtx_evr.o [2]
  .text                 ro code       0x12c6     0x2  rtx_evr.o [2]
  .text                 ro code       0x12c8     0x2  rtx_evr.o [2]
  .text                 ro code       0x12cc    0x32  ABImemset48.o [5]
  .text                 ro code       0x12fe     0x2  rtx_evr.o [2]
  .text                 ro code       0x1300     0x2  rtx_evr.o [2]
  .text                 ro code       0x1302     0x2  rtx_evr.o [2]
  .text                 ro code       0x1304     0x2  rtx_evr.o [2]
  .text                 ro code       0x1306     0x2  rtx_evr.o [2]
  .text                 ro code       0x1308     0x2  rtx_evr.o [2]
  .text                 ro code       0x130a     0x2  rtx_evr.o [2]
  .text                 ro code       0x130c     0x2  rtx_evr.o [2]
  .text                 ro code       0x130e     0x2  rtx_evr.o [2]
  .text                 ro code       0x1310     0x2  rtx_evr.o [2]
  .text                 ro code       0x1314   0x61c  rtx_msgqueue.o [2]
  .text                 ro code       0x1930    0xa6  ABImemcpy.o [5]
  .text                 ro code       0x19d6     0x2  rtx_evr.o [2]
  .text                 ro code       0x19d8     0x2  rtx_evr.o [2]
  .text                 ro code       0x19da     0x2  rtx_evr.o [2]
  .text                 ro code       0x19dc     0x6  ABImemclr.o [5]
  .text                 ro code       0x19e2     0x2  rtx_evr.o [2]
  .text                 ro code       0x19e4     0x2  rtx_evr.o [2]
  .text                 ro code       0x19e6     0x2  rtx_evr.o [2]
  .text                 ro code       0x19e8     0x2  rtx_evr.o [2]
  .text                 ro code       0x19ea     0x2  rtx_evr.o [2]
  .text                 ro code       0x19ec     0x2  rtx_evr.o [2]
  .text                 ro code       0x19ee     0x2  rtx_evr.o [2]
  .text                 ro code       0x19f0   0x174  rtx_system.o [2]
  .text                 ro code       0x1b64     0x2  rtx_evr.o [2]
  .text                 ro code       0x1b66     0x2  rtx_evr.o [2]
  .text                 ro code       0x1b68    0x5e  ABImemset.o [5]
  .text                 ro code       0x1bc8     0xc  os_systick.o [2]
  .text                 ro code       0x1bd4   0x37c  rtx_kernel.o [2]
  .text                 ro code       0x1f50     0x2  rtx_evr.o [2]
  .text                 ro code       0x1f52    0x44  rtx_memory.o [2]
  .text                 ro code       0x1f96     0x2  rtx_evr.o [2]
  .text                 ro code       0x1f98     0x2  rtx_evr.o [2]
  .text                 ro code       0x1f9a     0x2  rtx_evr.o [2]
  .text                 ro code       0x1f9c    0x40  os_systick.o [2]
  .text                 ro code       0x1fdc     0x6  os_systick.o [2]
  .text                 ro code       0x1fe4    0x2c  os_systick.o [2]
  .text                 ro code       0x2010     0x2  rtx_evr.o [2]
  .text                 ro code       0x2012     0x2  rtx_lib.o [1]
  .text                 ro code       0x2014     0x2  rtx_evr.o [2]
  .text                 ro code       0x2016     0x2  rtx_evr.o [2]
  .text                 ro code       0x2018     0x2  rtx_evr.o [2]
  .text                 ro code       0x201a     0x2  rtx_evr.o [2]
  .text                 ro code       0x201c     0x2  rtx_evr.o [2]
  .text                 ro code       0x2020   0x33c  UART_inst.o [1]
  .text                 ro code       0x235c   0x29c  sysctl.o [4]
  .text                 ro code       0x25f8   0x18c  gpio.o [4]
  .text                 ro code       0x2784    0xdc  rtx_delay.o [2]
  .text                 ro code       0x2860     0x2  rtx_evr.o [2]
  .text                 ro code       0x2862     0x2  rtx_evr.o [2]
  .text                 ro code       0x2864     0x2  rtx_evr.o [2]
  .text                 ro code       0x2866     0x2  rtx_evr.o [2]
  .text                 ro code       0x2868     0x2  rtx_evr.o [2]
  .rodata               const         0x286c   0x1b0  sysctl.o [4]
  .text                 ro code       0x2a1c    0xd4  rtx_timer.o [2]
  .text                 ro code       0x2af0     0x2  rtx_evr.o [2]
  .text                 ro code       0x2af4    0xc4  irq_cm4f.o [2]
  .rodata               const         0x2bb8    0x90  gpio.o [4]
  .rodata               const         0x2c48    0x6c  sysctl.o [4]
  .rodata               const         0x2cb4    0x68  rtx_lib.o [1]
  .text                 ro code       0x2d1c    0x38  packbits_init_single.o [5]
  .rodata               const         0x2d54    0x30  sysctl.o [4]
  .text                 ro code       0x2d84    0x2c  system_TM4C1294_TW.o [1]
  .text                 ro code       0x2db0    0x28  data_init.o [5]
  .rodata               const         0x2dd8    0x24  rtx_lib.o [1]
  .rodata               const         0x2dfc    0x24  rtx_lib.o [1]
  .rodata               const         0x2e20    0x24  UART_inst.o [1]
  .rodata               const         0x2e44    0x24  UART_inst.o [1]
  .iar.init_table       const         0x2e68    0x20  - Linker created -
  .rodata               const         0x2e88    0x20  UART_inst.o [1]
  .text                 ro code       0x2ea8    0x1e  cmain.o [5]
  .text                 ro code       0x2ec6     0x4  low_level_init.o [3]
  .text                 ro code       0x2eca     0x4  exit.o [3]
  .text                 ro code       0x2ed0     0xa  cexit.o [5]
  .text                 ro code       0x2edc    0x14  exit.o [6]
  .rodata               const         0x2ef0    0x1c  UART_inst.o [1]
  .text                 ro code       0x2f0c    0x1c  cstartup_M.o [5]
  .text                 ro code       0x2f28    0x14  startup_TM4C1294.o [1]
  .rodata               const         0x2f3c    0x18  rtx_lib.o [1]
  .rodata               const         0x2f54    0x18  UART_inst.o [1]
  .rodata               const         0x2f6c    0x18  UART_inst.o [1]
  .rodata               const         0x2f84    0x18  UART_inst.o [1]
  .rodata               const         0x2f9c    0x14  UART_inst.o [1]
  .rodata               const         0x2fb0    0x14  UART_inst.o [1]
  .rodata               const         0x2fc4    0x10  rtx_lib.o [1]
  .rodata               const         0x2fd4    0x10  UART_inst.o [1]
  .rodata               const         0x2fe4     0xc  rtx_lib.o [1]
  .rodata               const         0x2ff0     0xc  UART_inst.o [1]
  .rodata               const         0x2ffc     0xc  UART_inst.o [1]
  .rodata               const         0x3008     0xc  UART_inst.o [1]
  .rodata               const         0x3014     0xc  UART_inst.o [1]
  .rodata               const         0x3020     0xc  UART_inst.o [1]
  .rodata               const         0x302c     0xc  UART_inst.o [1]
  .rodata               const         0x3038     0xc  UART_inst.o [1]
  .rodata               const         0x3044     0xc  UART_inst.o [1]
  .rodata               const         0x3050     0xc  UART_inst.o [1]
  .rodata               const         0x305c     0x8  UART_inst.o [1]
  .rodata               const         0x3064     0x8  UART_inst.o [1]
  .rodata               const         0x306c     0x8  UART_inst.o [1]
  .rodata               const         0x3074     0x8  UART_inst.o [1]
  .rodata               const         0x307c     0x4  rtx_lib.o [1]
  .rodata               const         0x3080     0x0  zero_init3.o [5]
  .rodata               const         0x3080     0x0  packbits_init_single.o [5]
  Initializer bytes     const         0x3080     0xd  <for P2-1>
                                    - 0x308d  0x2ccd

"P2", part 1 of 3:                              0xa4
  P2-1                           0x2000'0000    0xa4  <Init block>
    .data.os            inited   0x2000'0000    0xa4  rtx_kernel.o [2]
                               - 0x2000'00a4    0xa4

"P2", part 2 of 3:                            0x1360
  .bss.os               zero     0x2000'00a8  0x1000  rtx_lib.o [1]
  .bss.os.thread.stack  zero     0x2000'10a8   0x100  rtx_lib.o [1]
  .bss.os.thread.stack  zero     0x2000'11a8   0x100  rtx_lib.o [1]
  .bss.os.msgqueue.mem  zero     0x2000'12a8    0x50  rtx_lib.o [1]
  .bss.os.thread.cb     zero     0x2000'12f8    0x44  rtx_lib.o [1]
  .bss.os.thread.cb     zero     0x2000'133c    0x44  rtx_lib.o [1]
  .bss.os               zero     0x2000'1380    0x40  rtx_lib.o [1]
  .bss.os.msgqueue.cb   zero     0x2000'13c0    0x34  rtx_lib.o [1]
  .bss                  zero     0x2000'13f4     0x4  UART_inst.o [1]
  .bss                  zero     0x2000'13f8     0x4  UART_inst.o [1]
  .bss                  zero     0x2000'13fc     0x4  UART_inst.o [1]
  .bss                  zero     0x2000'1400     0x1  os_systick.o [2]
                               - 0x2000'1401  0x135d

"P2", part 3 of 3:                            0x8004
  .noinit               uninit   0x2000'1404     0x4  system_TM4C1294_TW.o [1]
  CSTACK                         0x2000'1408  0x8000  <Block>
    CSTACK              uninit   0x2000'1408  0x8000  <Block tail>
                               - 0x2000'9408  0x8004

Unused ranges:

         From           To      Size
         ----           --      ----
       0x308d     0xf'ffff  0xf'cf73
  0x2000'9408  0x2003'ffff  0x3'6bf8


*******************************************************************************
*** INIT TABLE
***

          Address      Size
          -------      ----
Zero (__iar_zero_init3)
    1 destination range, total size 0x1359:
          0x2000'00a8  0x1359

Copy/packbits (__iar_packbits_init_single3)
    1 source range, total size 0xd (7% of destination):
               0x3080     0xd
    1 destination range, total size 0xa4:
          0x2000'0000    0xa4



*******************************************************************************
*** MODULE SUMMARY
***

    Module                  ro code  ro data  rw data
    ------                  -------  -------  -------
command line/config:
    -------------------------------------------------
    Total:

C:\Users\bymar\Desktop\UTFPR\Sistemas Embarcados\EK-TM4C1294_RTOS_IAR8\Projects\UART_inst\Debug\Obj: [1]
    RTX_Config.o                 32
    UART_inst.o                 828      400       12
    rtx_lib.o                     2      232    4'940
    startup_TM4C1294.o          982
    system_TM4C1294_TW.o         44                 4
    -------------------------------------------------
    Total:                    1'888      632    4'956

RTX_CM.a: [2]
    irq_cm4f.o                  196
    os_systick.o                126                 1
    rtx_delay.o                 220
    rtx_evr.o                   132
    rtx_kernel.o                892       13      164
    rtx_memory.o                272
    rtx_mempool.o               230
    rtx_msgqueue.o            1'564
    rtx_mutex.o                 844
    rtx_system.o                372
    rtx_thread.o              2'416
    rtx_timer.o                 212
    -------------------------------------------------
    Total:                    7'476       13      165

dl7M_tln.a: [3]
    exit.o                        4
    low_level_init.o              4
    -------------------------------------------------
    Total:                        8

driverlib.a: [4]
    gpio.o                      396      144
    sysctl.o                    668      588
    -------------------------------------------------
    Total:                    1'064      732

rt7M_tl.a: [5]
    ABImemclr.o                   6
    ABImemclr4.o                  6
    ABImemcpy.o                 166
    ABImemset.o                  94
    ABImemset48.o                50
    cexit.o                      10
    cmain.o                      30
    cstartup_M.o                 28
    data_init.o                  40
    packbits_init_single.o       56
    zero_init3.o                 58
    -------------------------------------------------
    Total:                      544

shb_l.a: [6]
    exit.o                       20
    -------------------------------------------------
    Total:                       20

    Gaps                         18        2        4
    Linker created                        32   32'768
-----------------------------------------------------
    Grand Total:             11'018    1'411   37'893


*******************************************************************************
*** ENTRY LIST
***

Entry                       Address    Size  Type      Object
-----                       -------    ----  ----      ------
.iar.init_table$$Base        0x2e68           --   Gb  - Linker created -
.iar.init_table$$Limit       0x2e88           --   Gb  - Linker created -
?main                        0x2ea9          Code  Gb  cmain.o [5]
CSTACK$$Base            0x2000'1408           --   Gb  - Linker created -
CSTACK$$Limit           0x2000'9408           --   Gb  - Linker created -
EvrRtxDelay                  0x2867     0x2  Code  Wk  rtx_evr.o [2]
EvrRtxDelayCompleted          0xd31     0x2  Code  Wk  rtx_evr.o [2]
EvrRtxDelayError             0x2863     0x2  Code  Wk  rtx_evr.o [2]
EvrRtxDelayStarted           0x2861     0x2  Code  Wk  rtx_evr.o [2]
EvrRtxDelayUntil             0x2869     0x2  Code  Wk  rtx_evr.o [2]
EvrRtxDelayUntilStarted
                             0x2865     0x2  Code  Wk  rtx_evr.o [2]
EvrRtxEventFlagsWaitTimeout
                              0xd35     0x2  Code  Wk  rtx_evr.o [2]
EvrRtxKernelError            0x1f51     0x2  Code  Wk  rtx_evr.o [2]
EvrRtxKernelGetInfo          0x2017     0x2  Code  Wk  rtx_evr.o [2]
EvrRtxKernelGetState         0x1f9b     0x2  Code  Wk  rtx_evr.o [2]
EvrRtxKernelGetTickCount
                             0x201b     0x2  Code  Wk  rtx_evr.o [2]
EvrRtxKernelInfoRetrieved
                             0x1f99     0x2  Code  Wk  rtx_evr.o [2]
EvrRtxKernelInitialize       0x2015     0x2  Code  Wk  rtx_evr.o [2]
EvrRtxKernelInitialized
                             0x1f97     0x2  Code  Wk  rtx_evr.o [2]
EvrRtxKernelStart            0x2019     0x2  Code  Wk  rtx_evr.o [2]
EvrRtxKernelStarted          0x2011     0x2  Code  Wk  rtx_evr.o [2]
EvrRtxMemoryAlloc            0x12c9     0x2  Code  Wk  rtx_evr.o [2]
EvrRtxMemoryBlockAlloc       0x12c5     0x2  Code  Wk  rtx_evr.o [2]
EvrRtxMemoryBlockFree        0x12c7     0x2  Code  Wk  rtx_evr.o [2]
EvrRtxMemoryBlockInit        0x12c3     0x2  Code  Wk  rtx_evr.o [2]
EvrRtxMemoryFree             0x12ff     0x2  Code  Wk  rtx_evr.o [2]
EvrRtxMemoryInit             0x201d     0x2  Code  Wk  rtx_evr.o [2]
EvrRtxMemoryPoolAllocTimeout
                              0xd3b     0x2  Code  Wk  rtx_evr.o [2]
EvrRtxMessageQueueCreated
                             0x19e3     0x2  Code  Wk  rtx_evr.o [2]
EvrRtxMessageQueueError
                             0x19db     0x2  Code  Wk  rtx_evr.o [2]
EvrRtxMessageQueueGet        0x1b67     0x2  Code  Wk  rtx_evr.o [2]
EvrRtxMessageQueueGetPending
                             0x19e9     0x2  Code  Wk  rtx_evr.o [2]
EvrRtxMessageQueueGetTimeout
                              0xd3d     0x2  Code  Wk  rtx_evr.o [2]
EvrRtxMessageQueueInsertPending
                             0x1b65     0x2  Code  Wk  rtx_evr.o [2]
EvrRtxMessageQueueInserted
                             0x19d7     0x2  Code  Wk  rtx_evr.o [2]
EvrRtxMessageQueueNew        0x19ed     0x2  Code  Wk  rtx_evr.o [2]
EvrRtxMessageQueueNotInserted
                             0x19e7     0x2  Code  Wk  rtx_evr.o [2]
EvrRtxMessageQueueNotRetrieved
                             0x19eb     0x2  Code  Wk  rtx_evr.o [2]
EvrRtxMessageQueuePut        0x19ef     0x2  Code  Wk  rtx_evr.o [2]
EvrRtxMessageQueuePutPending
                             0x19e5     0x2  Code  Wk  rtx_evr.o [2]
EvrRtxMessageQueuePutTimeout
                              0xd3f     0x2  Code  Wk  rtx_evr.o [2]
EvrRtxMessageQueueRetrieved
                             0x19d9     0x2  Code  Wk  rtx_evr.o [2]
EvrRtxMutexAcquire           0x130f     0x2  Code  Wk  rtx_evr.o [2]
EvrRtxMutexAcquirePending
                             0x1309     0x2  Code  Wk  rtx_evr.o [2]
EvrRtxMutexAcquireTimeout
                              0xd37     0x2  Code  Wk  rtx_evr.o [2]
EvrRtxMutexAcquired          0x1303     0x2  Code  Wk  rtx_evr.o [2]
EvrRtxMutexCreated           0x1307     0x2  Code  Wk  rtx_evr.o [2]
EvrRtxMutexError             0x1305     0x2  Code  Wk  rtx_evr.o [2]
EvrRtxMutexNew               0x130d     0x2  Code  Wk  rtx_evr.o [2]
EvrRtxMutexNotAcquired       0x130b     0x2  Code  Wk  rtx_evr.o [2]
EvrRtxMutexRelease           0x1311     0x2  Code  Wk  rtx_evr.o [2]
EvrRtxMutexReleased          0x1301     0x2  Code  Wk  rtx_evr.o [2]
EvrRtxSemaphoreAcquireTimeout
                              0xd39     0x2  Code  Wk  rtx_evr.o [2]
EvrRtxThreadBlocked           0xd47     0x2  Code  Wk  rtx_evr.o [2]
EvrRtxThreadCreated           0xef7     0x2  Code  Wk  rtx_evr.o [2]
EvrRtxThreadDestroyed        0x129b     0x2  Code  Wk  rtx_evr.o [2]
EvrRtxThreadEnumerate        0x129d     0x2  Code  Wk  rtx_evr.o [2]
EvrRtxThreadError             0xe6b     0x2  Code  Wk  rtx_evr.o [2]
EvrRtxThreadExit             0x12a1     0x2  Code  Wk  rtx_evr.o [2]
EvrRtxThreadFlagsWaitCompleted
                              0xd49     0x2  Code  Wk  rtx_evr.o [2]
EvrRtxThreadFlagsWaitTimeout
                              0xd33     0x2  Code  Wk  rtx_evr.o [2]
EvrRtxThreadGetId             0xf45     0x2  Code  Wk  rtx_evr.o [2]
EvrRtxThreadGetName           0xf43     0x2  Code  Wk  rtx_evr.o [2]
EvrRtxThreadGetPriority
                              0xf49     0x2  Code  Wk  rtx_evr.o [2]
EvrRtxThreadGetState          0xf47     0x2  Code  Wk  rtx_evr.o [2]
EvrRtxThreadJoined           0x1299     0x2  Code  Wk  rtx_evr.o [2]
EvrRtxThreadNew              0x129f     0x2  Code  Wk  rtx_evr.o [2]
EvrRtxThreadPreempted         0xd43     0x2  Code  Wk  rtx_evr.o [2]
EvrRtxThreadSwitched          0xd45     0x2  Code  Wk  rtx_evr.o [2]
EvrRtxThreadUnblocked         0xd41     0x2  Code  Wk  rtx_evr.o [2]
EvrRtxTimerCallback          0x2af1     0x2  Code  Wk  rtx_evr.o [2]
GPIODirModeSet               0x25f9    0x28  Code  Gb  gpio.o [4]
GPIOPadConfigSet             0x2621   0x102  Code  Gb  gpio.o [4]
GPIOPinConfigure             0x2743    0x36  Code  Gb  gpio.o [4]
GPIOPinTypeUART              0x272f    0x14  Code  Gb  gpio.o [4]
MessageQueueGet              0x1361    0x40  Code  Lc  rtx_msgqueue.o [2]
MessageQueuePut              0x1315    0x4a  Code  Lc  rtx_msgqueue.o [2]
MessageQueueRemove           0x13a1    0x1a  Code  Lc  rtx_msgqueue.o [2]
OS_Tick_AcknowledgeIRQ       0x1bc9     0xc  Code  Wk  os_systick.o [2]
OS_Tick_Enable               0x1fe5    0x2c  Code  Wk  os_systick.o [2]
OS_Tick_GetIRQn              0x1fdd     0x6  Code  Wk  os_systick.o [2]
OS_Tick_Setup                0x1f9d    0x40  Code  Wk  os_systick.o [2]
PendST                  0x2000'1400     0x1  Data  Lc  os_systick.o [2]
PendSV_Handler               0x2b8d          Code  Gb  irq_cm4f.o [2]
Region$$Table$$Base          0x2e68           --   Gb  - Linker created -
Region$$Table$$Limit         0x2e88           --   Gb  - Linker created -
SVC_Handler                  0x2af5          Code  Gb  irq_cm4f.o [2]
SysCtlClockFreqSet           0x23bd   0x1fc  Code  Gb  sysctl.o [4]
SysCtlPeripheralEnable       0x239f     0x8  Code  Gb  sysctl.o [4]
SysCtlPeripheralReady        0x237d     0x8  Code  Gb  sysctl.o [4]
SysTick_Handler              0x2b9d          Code  Gb  irq_cm4f.o [2]
SystemCoreClock         0x2000'1404     0x4  Data  Gb  system_TM4C1294_TW.o [1]
SystemInit                   0x2d85    0x1a  Code  Gb  system_TM4C1294_TW.o [1]
ThreadFlagsCheck              0x3c1    0x6c  Code  Lc  rtx_thread.o [2]
TimerInsert                  0x2a1d    0x38  Code  Lc  rtx_timer.o [2]
UART0_Handler                0x206f     0x8  Code  Gb  UART_inst.o [1]
UARTInit                     0x2021    0x4e  Code  Gb  UART_inst.o [1]
_SysCtlMemTimingGet          0x235d    0x20  Code  Lc  sysctl.o [4]
__Vectors                       0x0           --   Gb  startup_TM4C1294.o [1]
__Vectors_End                 0x3c0          Data  Gb  startup_TM4C1294.o [1]
__Vectors_Size {Abs}          0x3c0           --   Gb  startup_TM4C1294.o [1]
__aeabi_memclr               0x19dd          Code  Gb  ABImemclr.o [5]
__aeabi_memclr4               0xef1          Code  Gb  ABImemclr4.o [5]
__aeabi_memcpy               0x1931          Code  Gb  ABImemcpy.o [5]
__aeabi_memcpy4              0x1951          Code  Gb  ABImemcpy.o [5]
__aeabi_memcpy8              0x1951          Code  Gb  ABImemcpy.o [5]
__cmain                      0x2ea9          Code  Gb  cmain.o [5]
__exit                       0x2edd    0x14  Code  Gb  exit.o [6]
__iar_Memset4_word           0x12cd          Code  Gb  ABImemset48.o [5]
__iar_Memset8_word           0x12cd          Code  Gb  ABImemset48.o [5]
__iar_Memset_word            0x1b69          Code  Gb  ABImemset.o [5]
__iar_data_init3             0x2db1    0x28  Code  Gb  data_init.o [5]
__iar_init_vfp               0x2f31          Code  Wk  startup_TM4C1294.o [1]
__iar_packbits_init_single3
                             0x2d1d    0x38  Code  Gb  packbits_init_single.o [5]
__iar_program_start          0x2f0d          Code  Gb  cstartup_M.o [5]
__iar_zero_init3              0xd4b    0x3a  Code  Gb  zero_init3.o [5]
__low_level_init             0x2ec7     0x4  Code  Gb  low_level_init.o [3]
__vector_table                  0x0          Data  Gb  startup_TM4C1294.o [1]
__vector_table_0x1c            0x1c          Data  Gb  startup_TM4C1294.o [1]
_call_main                   0x2eb5          Code  Gb  cmain.o [5]
_exit                        0x2ed1          Code  Gb  cexit.o [5]
_main                        0x2ebf          Code  Gb  cmain.o [5]
exit                         0x2ecb     0x4  Code  Gb  exit.o [3]
g_pppui32XTALtoVCO           0x286c   0x1b0  Data  Lc  sysctl.o [4]
g_pui32GPIOBaseAddrs         0x2bb8    0x90  Data  Lc  gpio.o [4]
g_pui32VCOFrequencies        0x25f0     0x8  Data  Lc  sysctl.o [4]
g_pui32Xtals                 0x2c48    0x6c  Data  Lc  sysctl.o [4]
g_sXTALtoMEMTIM              0x2d54    0x30  Data  Lc  sysctl.o [4]
main                         0x2291    0x52  Code  Gb  UART_inst.o [1]
myKernelInfo                 0x2077    0x34  Code  Gb  UART_inst.o [1]
myKernelState                0x20ab    0x52  Code  Gb  UART_inst.o [1]
myThreadInfo                 0x214f    0x56  Code  Gb  UART_inst.o [1]
myThreadState                0x20fd    0x52  Code  Gb  UART_inst.o [1]
osDelay                      0x27e5    0x38  Code  Gb  rtx_delay.o [2]
osDelayUntil                 0x281d    0x38  Code  Gb  rtx_delay.o [2]
osKernelGetInfo              0x1e0d    0x6a  Code  Gb  rtx_kernel.o [2]
osKernelGetState             0x1e79    0x40  Code  Gb  rtx_kernel.o [2]
osKernelGetTickCount         0x1eed    0x20  Code  Gb  rtx_kernel.o [2]
osKernelInitialize           0x1dd5    0x38  Code  Gb  rtx_kernel.o [2]
osKernelStart                0x1eb9    0x34  Code  Gb  rtx_kernel.o [2]
osMessageQueueGet            0x188d    0x90  Code  Gb  rtx_msgqueue.o [2]
osMessageQueueNew            0x17b5    0x3e  Code  Gb  rtx_msgqueue.o [2]
osMessageQueuePut            0x17f5    0x98  Code  Gb  rtx_msgqueue.o [2]
osMutexAcquire               0x1209    0x3e  Code  Gb  rtx_mutex.o [2]
osMutexNew                   0x11d1    0x36  Code  Gb  rtx_mutex.o [2]
osMutexRelease               0x1249    0x3a  Code  Gb  rtx_mutex.o [2]
osRtxConfig                  0x2cb4    0x68  Data  Gb  rtx_lib.o [1]
osRtxErrorNotify             0x12a3    0x20  Code  Wk  RTX_Config.o [1]
osRtxIdleThread              0x21a5     0x4  Code  Gb  UART_inst.o [1]
osRtxInfo               0x2000'0000    0xa4  Data  Gb  rtx_kernel.o [2]
osRtxKernelPreInit           0x2013     0x2  Code  Gb  rtx_lib.o [1]
osRtxMemoryAlloc              0xe6d    0x82  Code  Wk  rtx_memory.o [2]
osRtxMemoryFree               0xef9    0x4a  Code  Wk  rtx_memory.o [2]
osRtxMemoryInit              0x1f53    0x44  Code  Wk  rtx_memory.o [2]
osRtxMemoryPoolAlloc          0xdd1    0x44  Code  Gb  rtx_mempool.o [2]
osRtxMemoryPoolFree           0xe15    0x56  Code  Gb  rtx_mempool.o [2]
osRtxMemoryPoolInit           0xd85    0x4a  Code  Gb  rtx_mempool.o [2]
osRtxMessageQueuePostProcess
                             0x13bb    0xe6  Code  Lc  rtx_msgqueue.o [2]
osRtxMutexOwnerRelease        0xf4d    0x52  Code  Gb  rtx_mutex.o [2]
osRtxPendSV_Handler          0x1a61    0x8a  Code  Gb  rtx_system.o [2]
osRtxPostProcess             0x1aed    0x6e  Code  Gb  rtx_system.o [2]
osRtxThreadBlock              0x64b    0x34  Code  Lc  rtx_thread.o [2]
osRtxThreadDelayInsert        0x4a3    0x62  Code  Lc  rtx_thread.o [2]
osRtxThreadDelayRemove        0x505    0x44  Code  Lc  rtx_thread.o [2]
osRtxThreadDelayTick          0x549    0xee  Code  Gb  rtx_thread.o [2]
osRtxThreadDispatch           0x69b    0x54  Code  Gb  rtx_thread.o [2]
osRtxThreadFree               0xa0d    0x56  Code  Lc  rtx_thread.o [2]
osRtxThreadListGet            0x44f    0x14  Code  Gb  rtx_thread.o [2]
osRtxThreadListPut            0x42d    0x22  Code  Gb  rtx_thread.o [2]
osRtxThreadListRemove         0x485    0x16  Code  Gb  rtx_thread.o [2]
osRtxThreadListSort           0x463    0x22  Code  Gb  rtx_thread.o [2]
osRtxThreadPostProcess        0x763    0x54  Code  Lc  rtx_thread.o [2]
osRtxThreadReadyPut           0x49b     0x8  Code  Gb  rtx_thread.o [2]
osRtxThreadRegPtr             0x637    0x14  Code  Gb  rtx_thread.o [2]
osRtxThreadStartup            0xb5d    0x30  Code  Gb  rtx_thread.o [2]
osRtxThreadSwitch             0x67f    0x1c  Code  Gb  rtx_thread.o [2]
osRtxThreadWaitEnter          0x729    0x3a  Code  Gb  rtx_thread.o [2]
osRtxThreadWaitExit           0x6f5    0x2e  Code  Gb  rtx_thread.o [2]
osRtxTick_Handler            0x19f1    0x6e  Code  Gb  rtx_system.o [2]
osRtxTimerThread             0x2aad    0x44  Code  Wk  rtx_timer.o [2]
osRtxTimerTick               0x2a55    0x54  Code  Lc  rtx_timer.o [2]
osRtxUserSVC                 0x307c     0x4  Data  Wk  rtx_lib.o [1]
osThreadEnumerate             0xcb5    0x2a  Code  Gb  rtx_thread.o [2]
osThreadExit                  0xc95    0x16  Code  Gb  rtx_thread.o [2]
osThreadGetId                 0xbfd    0x32  Code  Gb  rtx_thread.o [2]
osThreadGetName               0xbd1    0x2c  Code  Gb  rtx_thread.o [2]
osThreadGetPriority           0xc61    0x28  Code  Gb  rtx_thread.o [2]
osThreadGetState              0xc31    0x2c  Code  Gb  rtx_thread.o [2]
osThreadNew                   0xb91    0x40  Code  Gb  rtx_thread.o [2]
os_idle_thread_attr          0x2dd8    0x24  Data  Lc  rtx_lib.o [1]
os_idle_thread_cb       0x2000'12f8    0x44  Data  Lc  rtx_lib.o [1]
os_idle_thread_stack    0x2000'10a8   0x100  Data  Lc  rtx_lib.o [1]
os_isr_queue            0x2000'1380    0x40  Data  Lc  rtx_lib.o [1]
os_mem                  0x2000'00a8  0x1000  Data  Lc  rtx_lib.o [1]
os_timer_mq_attr             0x2f3c    0x18  Data  Lc  rtx_lib.o [1]
os_timer_mq_cb          0x2000'13c0    0x34  Data  Lc  rtx_lib.o [1]
os_timer_mq_data        0x2000'12a8    0x50  Data  Lc  rtx_lib.o [1]
os_timer_thread_attr         0x2dfc    0x24  Data  Lc  rtx_lib.o [1]
os_timer_thread_cb      0x2000'133c    0x44  Data  Lc  rtx_lib.o [1]
os_timer_thread_stack   0x2000'11a8   0x100  Data  Lc  rtx_lib.o [1]
svcRtxDelay                  0x2785    0x24  Code  Lc  rtx_delay.o [2]
svcRtxDelayUntil             0x27a9    0x3c  Code  Lc  rtx_delay.o [2]
svcRtxKernelGetInfo          0x1ceb    0x34  Code  Lc  rtx_kernel.o [2]
svcRtxKernelGetState         0x1d27    0x12  Code  Lc  rtx_kernel.o [2]
svcRtxKernelGetTickCount
                             0x1dcf     0x4  Code  Lc  rtx_kernel.o [2]
svcRtxKernelInitialize       0x1bd5   0x116  Code  Lc  rtx_kernel.o [2]
svcRtxKernelStart            0x1d39    0x96  Code  Lc  rtx_kernel.o [2]
svcRtxMessageQueueGet        0x16a5    0xe8  Code  Lc  rtx_msgqueue.o [2]
svcRtxMessageQueueNew        0x14a1   0x130  Code  Lc  rtx_msgqueue.o [2]
svcRtxMessageQueuePut        0x15d1    0xd4  Code  Lc  rtx_msgqueue.o [2]
svcRtxMutexAcquire           0x101d    0xd2  Code  Lc  rtx_mutex.o [2]
svcRtxMutexNew                0xf9f    0x7e  Code  Lc  rtx_mutex.o [2]
svcRtxMutexRelease           0x10ef    0xd6  Code  Lc  rtx_mutex.o [2]
svcRtxThreadEnumerate         0xaf1    0x66  Code  Lc  rtx_thread.o [2]
svcRtxThreadExit              0xa63    0x8e  Code  Lc  rtx_thread.o [2]
svcRtxThreadGetId             0x9a9    0x12  Code  Lc  rtx_thread.o [2]
svcRtxThreadGetName           0x989    0x20  Code  Lc  rtx_thread.o [2]
svcRtxThreadGetPriority
                              0x9df    0x28  Code  Lc  rtx_thread.o [2]
svcRtxThreadGetState          0x9bb    0x24  Code  Lc  rtx_thread.o [2]
svcRtxThreadNew               0x7b7   0x1cc  Code  Lc  rtx_thread.o [2]
thread1                      0x21a9    0x7c  Code  Gb  UART_inst.o [1]
thread1_attr                 0x2e20    0x24  Data  Gb  UART_inst.o [1]
thread1_id              0x2000'13f4     0x4  Data  Gb  UART_inst.o [1]
thread2                      0x2225    0x6c  Code  Gb  UART_inst.o [1]
thread2_attr                 0x2e44    0x24  Data  Gb  UART_inst.o [1]
thread2_id              0x2000'13f8     0x4  Data  Gb  UART_inst.o [1]
uart_id                 0x2000'13fc     0x4  Data  Gb  UART_inst.o [1]


[1] = C:\Users\bymar\Desktop\UTFPR\Sistemas Embarcados\EK-TM4C1294_RTOS_IAR8\Projects\UART_inst\Debug\Obj
[2] = RTX_CM.a
[3] = dl7M_tln.a
[4] = driverlib.a
[5] = rt7M_tl.a
[6] = shb_l.a

  11'018 bytes of readonly  code memory
   1'411 bytes of readonly  data memory
  37'893 bytes of readwrite data memory

Errors: 4
Warnings: none
